<!DOCTYPE html>
<html lang="en">
<head>
    <!-- Metadata -->
    <meta charset="UTF-8">

    <!-- Title -->
    <title>Test HTML Template - Master</title>

    <!-- Javascript scripts -->
    <script src="../js/website-9d46ba1e.dev.min.js"></script>
</head>
<body>
    <h1 id="heading">Test HTML Template - Master</h1>
</body>
</html>