<!DOCTYPE html>
<html lang="en">
<head>
    <!-- Metadata -->
    <meta charset="UTF-8">

    <!-- Title -->
    <title>Test HTML Template - Master</title>

    <!-- Stylesheets -->
    <link href="../css/website70a1d7fe6502fa887f5b810d9063da07.min.css" rel="stylesheet">
</head>
<body>
    <h1 id="heading">Test HTML Template - Master</h1>
</body>
</html>