<!DOCTYPE html>
<html lang="en">
<head>
    <!-- Metadata -->
    <meta charset="UTF-8">

    <!-- Title -->
    <title>Test HTML Template - Master</title>

    <!-- Stylesheets -->
    <link rel="stylesheet" href="../css/style.9063da07.min.css">
</head>
<body>
    <h1 id="heading">Test HTML Template - Master</h1>
</body>
</html>